// Jest Snapshot v1, https://goo.gl/fbAQLP

exports[`check the snapshot 1`] = `
<DocumentFragment>
  <footer
    class="ant-layout-footer footer css-dev-only-do-not-override-1g853jt"
  >
    Copyright Â© 2023
  </footer>
</DocumentFragment>
`;
