// Jest Snapshot v1, https://goo.gl/fbAQLP

exports[`Layout check the snapshot 1`] = `
<DocumentFragment>
  <div
    class="ant-layout layout css-dev-only-do-not-override-1g853jt"
  >
    <header
      class="ant-layout-header header css-dev-only-do-not-override-1g853jt"
    >
      <div
        class="ant-row css-dev-only-do-not-override-1g853jt"
      >
        <div
          class="ant-col logo css-dev-only-do-not-override-1g853jt"
          style="flex: 0 0 100px;"
        >
          <div>
            Todos
          </div>
        </div>
        <div
          class="ant-col css-dev-only-do-not-override-1g853jt"
          style="flex-basis: auto;"
        >
          <div
            class="ant-row ant-row-space-between css-dev-only-do-not-override-1g853jt"
          >
            <div
              class="ant-col ant-col-xs-0 ant-col-sm-0 ant-col-md-24 css-dev-only-do-not-override-1g853jt"
            >
              <ul
                class="ant-menu-overflow ant-menu ant-menu-root ant-menu-horizontal ant-menu-dark css-dev-only-do-not-override-1g853jt"
                data-menu-list="true"
                role="menu"
                tabindex="0"
              >
                <li
                  class="ant-menu-overflow-item ant-menu-item ant-menu-item-selected ant-menu-item-only-child"
                  data-menu-id="rc-menu-uuid-test-home"
                  role="menuitem"
                  style="opacity: 1; order: 0;"
                  tabindex="-1"
                >
                  <span
                    class="ant-menu-title-content"
                  >
                    <a
                      href="/"
                    >
                      HOME
                    </a>
                  </span>
                </li>
                <li
                  class="ant-menu-overflow-item ant-menu-item ant-menu-item-only-child"
                  role="menuitem"
                  style="opacity: 1; order: 1;"
                  tabindex="-1"
                >
                  <span
                    class="ant-menu-title-content"
                  >
                    <a
                      href="/about"
                    >
                      ABOUT
                    </a>
                  </span>
                </li>
                <li
                  class="ant-menu-overflow-item ant-menu-item ant-menu-item-only-child"
                  role="menuitem"
                  style="opacity: 1; order: 2;"
                  tabindex="-1"
                >
                  <span
                    class="ant-menu-title-content"
                  >
                    <a
                      href="/register"
                    >
                      REGISTER
                    </a>
                  </span>
                </li>
                <li
                  class="ant-menu-overflow-item ant-menu-item ant-menu-item-only-child"
                  role="menuitem"
                  style="opacity: 1; order: 3;"
                  tabindex="-1"
                >
                  <span
                    class="ant-menu-title-content"
                  >
                    <a
                      href="/sign-in"
                    >
                      SIGN IN
                    </a>
                  </span>
                </li>
                <li
                  aria-hidden="true"
                  class="ant-menu-overflow-item ant-menu-overflow-item-rest ant-menu-submenu ant-menu-submenu-horizontal"
                  role="none"
                  style="opacity: 0; height: 0px; overflow-y: hidden; order: 9007199254740991; pointer-events: none; position: absolute;"
                >
                  <div
                    aria-controls="rc-menu-uuid-test-rc-menu-more-popup"
                    aria-expanded="false"
                    aria-haspopup="true"
                    class="ant-menu-submenu-title"
                    data-menu-id="rc-menu-uuid-test-rc-menu-more"
                    role="menuitem"
                    tabindex="-1"
                  >
                    <span
                      aria-label="ellipsis"
                      class="anticon anticon-ellipsis"
                      role="img"
                    >
                      <svg
                        aria-hidden="true"
                        data-icon="ellipsis"
                        fill="currentColor"
                        focusable="false"
                        height="1em"
                        viewBox="64 64 896 896"
                        width="1em"
                      >
                        <path
                          d="M176 511a56 56 0 10112 0 56 56 0 10-112 0zm280 0a56 56 0 10112 0 56 56 0 10-112 0zm280 0a56 56 0 10112 0 56 56 0 10-112 0z"
                        />
                      </svg>
                    </span>
                    <i
                      class="ant-menu-submenu-arrow"
                    />
                  </div>
                </li>
              </ul>
              <div
                aria-hidden="true"
                style="display: none;"
              />
            </div>
            <div
              class="ant-col ant-col-xs-4 ant-col-xs-offset-20 ant-col-sm-3 ant-col-sm-offset-21 ant-col-md-0 css-dev-only-do-not-override-1g853jt"
            >
              <div
                class="sc-bdfCDU gcCQLz hamburger"
              >
                <div
                  class="sc-gsTDqH cThqpc"
                />
                <div
                  class="sc-dlfmHC hGXgQp"
                />
                <div
                  class="sc-hKgKIp jnEZPG"
                />
              </div>
            </div>
          </div>
        </div>
      </div>
    </header>
    <main
      class="ant-layout-content content css-dev-only-do-not-override-1g853jt"
    />
    <footer
      class="ant-layout-footer footer css-dev-only-do-not-override-1g853jt"
    >
      Copyright Â© 2023
    </footer>
  </div>
</DocumentFragment>
`;
