// Jest Snapshot v1, https://goo.gl/fbAQLP

exports[`Home check the snapshot 1`] = `
<DocumentFragment>
  <div
    class="ant-row css-dev-only-do-not-override-1g853jt"
  >
    <div
      class="ant-col ant-col-xs-22 ant-col-xs-offset-1 ant-col-sm-20 ant-col-sm-offset-2 ant-col-md-18 ant-col-md-offset-3 ant-col-lg-12 ant-col-lg-offset-6 css-dev-only-do-not-override-1g853jt"
    >
      <div
        aria-busy="true"
        aria-live="polite"
        class="ant-spin ant-spin-lg ant-spin-spinning css-dev-only-do-not-override-1g853jt"
        style="display: flex; justify-content: center; margin-top: 25vh;"
      >
        <span
          class="ant-spin-dot ant-spin-dot-spin"
        >
          <i
            class="ant-spin-dot-item"
          />
          <i
            class="ant-spin-dot-item"
          />
          <i
            class="ant-spin-dot-item"
          />
          <i
            class="ant-spin-dot-item"
          />
        </span>
      </div>
    </div>
  </div>
</DocumentFragment>
`;
