// Jest Snapshot v1, https://goo.gl/fbAQLP

exports[`Hamburger check the snapshot 1`] = `
<DocumentFragment>
  <div
    class="sc-bdfCDU gcCQLz"
  >
        <div
          class="sc-gsTDqH cThqpc"
        />
        <div
          class="sc-dlfmHC hGXgQp"
        />
        <div
          class="sc-hKgKIp jnEZPG"
        />
  </div>
</DocumentFragment>
`;
